// Jest Snapshot v1, https://goo.gl/fbAQLP

exports[`Avatar large snapshot 1`] = `
<div
  className="css-6qe8gp"
  size={100}
  src="https://randomuser.me/api/portraits/men/1.jpg"
/>
`;

exports[`Avatar normal snapshot 1`] = `
<div
  className="css-6qe8gp"
  size={100}
  src="https://randomuser.me/api/portraits/men/1.jpg"
/>
`;

exports[`Avatar small snapshot 1`] = `
<div
  className="css-6qe8gp"
  size={100}
  src="https://randomuser.me/api/portraits/men/1.jpg"
/>
`;
